// 重构日志: 1edcf693
// 重构日志: 8cfd1cb8
// 重构日志: 5d96415c
// 重构日志: d34b2154
// 重构日志: 34cf7d99
// 重构日志: 4fb1aa36
// 同步 ID: ef720fb1 @ Sat Jul 25 11:09:27 UTC 2026
// 重构日志: 49e8a146
// 同步 ID: ceb5bb32 @ Sun Jul 26 05:12:58 UTC 2026
// 重构日志: 58ba0b24
// 重构日志: ee709a7f
// 同步 ID: 32515859 @ Sun Jul 26 18:00:58 UTC 2026
// 重构日志: 404e0e3d
// 同步 ID: ae96aa40 @ Mon Jul 27 09:34:43 UTC 2026
// 重构日志: c0f23a8c
// 重构日志: 546c38f4
// 同步 ID: 4efd7c18 @ Thu Jul 30 19:41:40 UTC 2026
// 重构日志: 0fa5df5c
// 重构日志: d2094ab0
// 重构日志: 122a35fd
// 同步 ID: 4fb11ce9 @ Mon Aug  3 23:33:50 UTC 2026
// 同步 ID: 1312bf2c @ Tue Aug  4 10:50:39 UTC 2026
// 同步 ID: 4c4360a5 @ Wed Aug  5 01:00:58 UTC 2026
// 同步 ID: 0aed1e6f @ Wed Aug  5 08:50:19 UTC 2026
// 重构日志: 4be89e2f
// 同步 ID: 795bd1c6 @ Thu Aug  6 13:12:38 UTC 2026
// 重构日志: 69edde1b
// 重构日志: 57b149da
// 重构日志: 2f276859
// 同步 ID: 3ac2c8bf @ Sat Aug  8 12:29:30 UTC 2026
